// Jest Snapshot v1, https://goo.gl/fbAQLP

exports[`ProgressIndicator renders ProgressIndicator correctly 1`] = `
<div
  className=
      ms-ProgressIndicator
      {
        -moz-osx-font-smoothing: grayscale;
        -webkit-font-smoothing: antialiased;
        font-family: 'Segoe UI', 'Segoe UI Web (West European)', 'Segoe UI', -apple-system, BlinkMacSystemFont, 'Roboto', 'Helvetica Neue', sans-serif;
        font-size: 14px;
        font-weight: 400;
      }
>
  <div
    className=
        ms-ProgressIndicator-itemName
        {
          color: #323130;
          font-size: 14px;
          line-height: 20px;
          overflow: hidden;
          padding-top: 4px;
          text-overflow: ellipsis;
          white-space: nowrap;
        }
  >
    Test
  </div>
  <div
    className=
        ms-ProgressIndicator-itemProgress
        {
          height: 2px;
          overflow: hidden;
          padding-bottom: 8px;
          padding-left: 0;
          padding-right: 0;
          padding-top: 8px;
          position: relative;
        }
  >
    <div
      className=
          ms-ProgressIndicator-progressTrack
          {
            background-color: #edebe9;
            height: 2px;
            position: absolute;
            width: 100%;
          }
          @media screen and (-ms-high-contrast: active){& {
            border-bottom: 1px solid WindowText;
          }
    />
    <div
      aria-valuemax={100}
      aria-valuemin={0}
      aria-valuenow={75}
      className=
          ms-ProgressIndicator-progressBar
          {
            background-color: #0078d4;
            height: 2px;
            position: absolute;
            transition: width .15s linear;
            width: 0px;
          }
          @media screen and (-ms-high-contrast: active){& {
            background-color: WindowText;
          }
      role="progressbar"
      style={
        Object {
          "transition": undefined,
          "width": "75%",
        }
      }
    />
  </div>
  <div
    className=
        ms-ProgressIndicator-itemDescription
        {
          color: #605e5c;
          font-size: 10px;
          line-height: 18px;
        }
  >
    Test
  </div>
</div>
`;

exports[`ProgressIndicator renders React content 1`] = `
<div
  className=
      ms-ProgressIndicator
      {
        -moz-osx-font-smoothing: grayscale;
        -webkit-font-smoothing: antialiased;
        font-family: 'Segoe UI', 'Segoe UI Web (West European)', 'Segoe UI', -apple-system, BlinkMacSystemFont, 'Roboto', 'Helvetica Neue', sans-serif;
        font-size: 14px;
        font-weight: 400;
      }
>
  <div
    className=
        ms-ProgressIndicator-itemName
        {
          color: #323130;
          font-size: 14px;
          line-height: 20px;
          overflow: hidden;
          padding-top: 4px;
          text-overflow: ellipsis;
          white-space: nowrap;
        }
  >
    <span>
      Test
    </span>
  </div>
  <div
    className=
        ms-ProgressIndicator-itemProgress
        {
          height: 2px;
          overflow: hidden;
          padding-bottom: 8px;
          padding-left: 0;
          padding-right: 0;
          padding-top: 8px;
          position: relative;
        }
  >
    <div
      className=
          ms-ProgressIndicator-progressTrack
          {
            background-color: #edebe9;
            height: 2px;
            position: absolute;
            width: 100%;
          }
          @media screen and (-ms-high-contrast: active){& {
            border-bottom: 1px solid WindowText;
          }
    />
    <div
      className=
          ms-ProgressIndicator-progressBar
          {
            animation: keyframes 0%{left:-30%;}100%{left:100%;} 3s infinite;
            background-color: #0078d4;
            background: linear-gradient(to right, #edebe9 0%, #0078d4 50%, #edebe9 100%);
            height: 2px;
            min-width: 33%;
            position: absolute;
            transition: width .3s ease;
            width: 0px;
          }
          @media screen and (-ms-high-contrast: active){& {
            background-color: WindowText;
          }
      role="progressbar"
      style={
        Object {
          "transition": undefined,
          "width": undefined,
        }
      }
    />
  </div>
  <div
    className=
        ms-ProgressIndicator-itemDescription
        {
          color: #605e5c;
          font-size: 10px;
          line-height: 18px;
        }
  >
    <span>
      Test
    </span>
  </div>
</div>
`;

exports[`ProgressIndicator renders indeterminate ProgressIndicator correctly 1`] = `
<div
  className=
      ms-ProgressIndicator
      {
        -moz-osx-font-smoothing: grayscale;
        -webkit-font-smoothing: antialiased;
        font-family: 'Segoe UI', 'Segoe UI Web (West European)', 'Segoe UI', -apple-system, BlinkMacSystemFont, 'Roboto', 'Helvetica Neue', sans-serif;
        font-size: 14px;
        font-weight: 400;
      }
>
  <div
    className=
        ms-ProgressIndicator-itemName
        {
          color: #323130;
          font-size: 14px;
          line-height: 20px;
          overflow: hidden;
          padding-top: 4px;
          text-overflow: ellipsis;
          white-space: nowrap;
        }
  >
    Test
  </div>
  <div
    className=
        ms-ProgressIndicator-itemProgress
        {
          height: 2px;
          overflow: hidden;
          padding-bottom: 8px;
          padding-left: 0;
          padding-right: 0;
          padding-top: 8px;
          position: relative;
        }
  >
    <div
      className=
          ms-ProgressIndicator-progressTrack
          {
            background-color: #edebe9;
            height: 2px;
            position: absolute;
            width: 100%;
          }
          @media screen and (-ms-high-contrast: active){& {
            border-bottom: 1px solid WindowText;
          }
    />
    <div
      className=
          ms-ProgressIndicator-progressBar
          {
            animation: keyframes 0%{left:-30%;}100%{left:100%;} 3s infinite;
            background-color: #0078d4;
            background: linear-gradient(to right, #edebe9 0%, #0078d4 50%, #edebe9 100%);
            height: 2px;
            min-width: 33%;
            position: absolute;
            transition: width .3s ease;
            width: 0px;
          }
          @media screen and (-ms-high-contrast: active){& {
            background-color: WindowText;
          }
      role="progressbar"
      style={
        Object {
          "transition": undefined,
          "width": undefined,
        }
      }
    />
  </div>
  <div
    className=
        ms-ProgressIndicator-itemDescription
        {
          color: #605e5c;
          font-size: 10px;
          line-height: 18px;
        }
  >
    Test
  </div>
</div>
`;

exports[`ProgressIndicator renders with no label or description 1`] = `
<div
  className=
      ms-ProgressIndicator
      {
        -moz-osx-font-smoothing: grayscale;
        -webkit-font-smoothing: antialiased;
        font-family: 'Segoe UI', 'Segoe UI Web (West European)', 'Segoe UI', -apple-system, BlinkMacSystemFont, 'Roboto', 'Helvetica Neue', sans-serif;
        font-size: 14px;
        font-weight: 400;
      }
>
  <div
    className=
        ms-ProgressIndicator-itemProgress
        {
          height: 2px;
          overflow: hidden;
          padding-bottom: 8px;
          padding-left: 0;
          padding-right: 0;
          padding-top: 8px;
          position: relative;
        }
  >
    <div
      className=
          ms-ProgressIndicator-progressTrack
          {
            background-color: #edebe9;
            height: 2px;
            position: absolute;
            width: 100%;
          }
          @media screen and (-ms-high-contrast: active){& {
            border-bottom: 1px solid WindowText;
          }
    />
    <div
      className=
          ms-ProgressIndicator-progressBar
          {
            animation: keyframes 0%{left:-30%;}100%{left:100%;} 3s infinite;
            background-color: #0078d4;
            background: linear-gradient(to right, #edebe9 0%, #0078d4 50%, #edebe9 100%);
            height: 2px;
            min-width: 33%;
            position: absolute;
            transition: width .3s ease;
            width: 0px;
          }
          @media screen and (-ms-high-contrast: active){& {
            background-color: WindowText;
          }
      role="progressbar"
      style={
        Object {
          "transition": undefined,
          "width": undefined,
        }
      }
    />
  </div>
</div>
`;

exports[`ProgressIndicator renders with no progress 1`] = `
<div
  className=
      ms-ProgressIndicator
      {
        -moz-osx-font-smoothing: grayscale;
        -webkit-font-smoothing: antialiased;
        font-family: 'Segoe UI', 'Segoe UI Web (West European)', 'Segoe UI', -apple-system, BlinkMacSystemFont, 'Roboto', 'Helvetica Neue', sans-serif;
        font-size: 14px;
        font-weight: 400;
      }
>
  <div
    className=
        ms-ProgressIndicator-itemName
        {
          color: #323130;
          font-size: 14px;
          line-height: 20px;
          overflow: hidden;
          padding-top: 4px;
          text-overflow: ellipsis;
          white-space: nowrap;
        }
  >
    Test
  </div>
  <div
    className=
        ms-ProgressIndicator-itemDescription
        {
          color: #605e5c;
          font-size: 10px;
          line-height: 18px;
        }
  >
    Test
  </div>
</div>
`;
