// Jest Snapshot v1, https://goo.gl/fbAQLP

exports[`TeachingBubble renders TeachingBubble correctly 1`] = `
<div
  className=
      ms-Callout-container
      {
        position: relative;
      }
>
  <div
    className=
        ms-Callout
        ms-TeachingBubble
        specialClassName
        {
          -moz-osx-font-smoothing: grayscale;
          -webkit-font-smoothing: antialiased;
          animation-duration: 300ms;
          animation-fill-mode: both;
          animation-name: keyframes 0%{opacity:0;animation-timing-function:cubic-bezier(.1,.9,.2,1);transform:scale3d(.90,.90,.90);}100%{opacity:1;transform:scale3d(1,1,1);};
          animation-timing-function: linear;
          border-radius: 2px;
          border: 0px;
          box-shadow: 0 6.4px 14.4px 0 rgba(0, 0, 0, 0.132), 0 1.2px 3.6px 0 rgba(0, 0, 0, 0.108);
          box-sizing: border-box;
          display: block;
          font-family: 'Segoe UI', 'Segoe UI Web (West European)', 'Segoe UI', -apple-system, BlinkMacSystemFont, 'Roboto', 'Helvetica Neue', sans-serif;
          font-size: 14px;
          font-weight: 400;
          max-width: 456px;
          outline: transparent;
          position: absolute;
          width: calc(100% + 1px);
        }
        @media screen and (-ms-high-contrast: active){& {
          border-color: WindowText;
          border-style: solid;
          border-width: 1px;
        }
        &::-moz-focus-inner {
          border: 0px;
        }
    style={
      Object {
        "filter": "opacity(0)",
        "opacity": 0,
      }
    }
    tabIndex={-1}
  >
    <div
      className=
          ms-Callout-main
          {
            background-color: #ffffff;
            background: #0078d4;
            border-radius: 2px;
            overflow-x: hidden;
            overflow-y: hidden;
            position: relative;
          }
      onKeyDown={[Function]}
      style={
        Object {
          "maxHeight": 752,
          "outline": "none",
          "overflowY": "hidden",
        }
      }
    >
      <div>
        <div
          className=
              ms-TeachingBubble-content
              {
                animation-duration: 300ms;
                animation-fill-mode: both;
                animation-name: keyframes 0%{opacity:0;animation-timing-function:cubic-bezier(.1,.9,.2,1);transform:scale3d(.90,.90,.90);}100%{opacity:1;transform:scale3d(1,1,1);};
                animation-timing-function: linear;
                border: 0px;
                display: flex;
                max-width: 456px;
                outline: transparent;
                width: calc(100% + 1px);
              }
          data-is-focusable={true}
          role="dialog"
          tabIndex={-1}
        >
          <div
            className=
                ms-TeachingBubble-bodycontent
                {
                  max-width: 302px;
                  padding-bottom: 20px;
                  padding-left: 20px;
                  padding-right: 20px;
                  padding-top: 20px;
                }
          >
            <div
              className=
                  ms-TeachingBubble-body
                  &:not(:last-child) {
                    margin-bottom: 20px;
                  }
            >
              <p
                className=
                    ms-TeachingBubble-subText
                    {
                      color: #ffffff;
                      font-size: 14px;
                      font-weight: 300;
                      margin-bottom: 0px;
                      margin-left: 0px;
                      margin-right: 0px;
                      margin-top: 0px;
                    }
              >
                Test Content
              </p>
            </div>
          </div>
        </div>
      </div>
    </div>
  </div>
</div>
`;

exports[`TeachingBubble renders TeachingBubbleContent correctly 1`] = `
<div
  className=
      ms-TeachingBubble-content
      {
        animation-duration: 300ms;
        animation-fill-mode: both;
        animation-name: keyframes 0%{opacity:0;animation-timing-function:cubic-bezier(.1,.9,.2,1);transform:scale3d(.90,.90,.90);}100%{opacity:1;transform:scale3d(1,1,1);};
        animation-timing-function: linear;
        border: 0px;
        display: block;
        max-width: 364px;
        outline: transparent;
        width: calc(100% + 1px);
      }
  data-is-focusable={true}
  role="dialog"
  tabIndex={-1}
>
  <div
    className=
        ms-TeachingBubble-bodycontent
        {
          padding-bottom: 20px;
          padding-left: 20px;
          padding-right: 20px;
          padding-top: 20px;
        }
  >
    <div
      className=
          ms-TeachingBubble-header
          ms-TeachingBubble-header--large
          &:not(:last-child) {
            margin-bottom: 14px;
          }
    >
      <p
        className=
            ms-TeachingBubble-headline
            {
              color: #ffffff;
              font-size: 20px;
              font-weight: 600;
              margin-bottom: 0px;
              margin-left: 0px;
              margin-right: 0px;
              margin-top: 0px;
            }
      >
        Test Title
      </p>
    </div>
    <div
      className=
          ms-TeachingBubble-body
          &:not(:last-child) {
            margin-bottom: 20px;
          }
    >
      <p
        className=
            ms-TeachingBubble-subText
            {
              color: #ffffff;
              font-size: 14px;
              font-weight: 300;
              margin-bottom: 0px;
              margin-left: 0px;
              margin-right: 0px;
              margin-top: 0px;
            }
      >
        Content
      </p>
    </div>
  </div>
</div>
`;

exports[`TeachingBubble renders TeachingBubbleContent with buttons correctly 1`] = `
<div
  className=
      ms-TeachingBubble-content
      {
        animation-duration: 300ms;
        animation-fill-mode: both;
        animation-name: keyframes 0%{opacity:0;animation-timing-function:cubic-bezier(.1,.9,.2,1);transform:scale3d(.90,.90,.90);}100%{opacity:1;transform:scale3d(1,1,1);};
        animation-timing-function: linear;
        border: 0px;
        display: block;
        max-width: 364px;
        outline: transparent;
        width: calc(100% + 1px);
      }
  data-is-focusable={true}
  role="dialog"
  tabIndex={-1}
>
  <div
    className=
        ms-TeachingBubble-bodycontent
        {
          padding-bottom: 20px;
          padding-left: 20px;
          padding-right: 20px;
          padding-top: 20px;
        }
  >
    <div
      className=
          ms-TeachingBubble-header
          ms-TeachingBubble-header--large
          &:not(:last-child) {
            margin-bottom: 14px;
          }
    >
      <p
        className=
            ms-TeachingBubble-headline
            {
              color: #ffffff;
              font-size: 20px;
              font-weight: 600;
              margin-bottom: 0px;
              margin-left: 0px;
              margin-right: 0px;
              margin-top: 0px;
            }
      >
        Test Title
      </p>
    </div>
    <div
      className=
          ms-TeachingBubble-body
          &:not(:last-child) {
            margin-bottom: 20px;
          }
    >
      <p
        className=
            ms-TeachingBubble-subText
            {
              color: #ffffff;
              font-size: 14px;
              font-weight: 300;
              margin-bottom: 0px;
              margin-left: 0px;
              margin-right: 0px;
              margin-top: 0px;
            }
      >
        Content
      </p>
    </div>
    <div
      className=
          ms-TeachingBubble-footer
          {
            align-items: center;
            color: #ffffff;
            display: flex;
          }
          & .ms-Button:not(:first-child) {
            margin-left: 16px;
          }
    >
      <button
        className=
            ms-Button
            ms-Button--primary
            ms-TeachingBubble-primaryButton
            primary-className
            {
              -moz-osx-font-smoothing: grayscale;
              -webkit-font-smoothing: antialiased;
              background-color: #ffffff;
              border-color: #ffffff;
              border-radius: 2px;
              border: none;
              box-sizing: border-box;
              color: #ffffff;
              cursor: pointer;
              display: inline-block;
              font-family: 'Segoe UI', 'Segoe UI Web (West European)', 'Segoe UI', -apple-system, BlinkMacSystemFont, 'Roboto', 'Helvetica Neue', sans-serif;
              font-size: 14px;
              font-weight: 400;
              height: 32px;
              min-width: 80px;
              outline: transparent;
              padding-bottom: 0;
              padding-left: 16px;
              padding-right: 16px;
              padding-top: 0;
              position: relative;
              text-align: center;
              text-decoration: none;
              user-select: none;
              vertical-align: top;
              white-space: nowrap;
            }
            &::-moz-focus-inner {
              border: 0;
            }
            .ms-Fabric--isFocusVisible &:focus:after {
              border-color: #ffffff;
              border: 1px solid transparent;
              bottom: 2px;
              content: "";
              left: 2px;
              outline: none;
              position: absolute;
              right: 2px;
              top: 2px;
              z-index: 1;
            }
            @media screen and (-ms-high-contrast: active){.ms-Fabric--isFocusVisible &:focus:after {
              border: none;
              bottom: -2px;
              left: -2px;
              outline-color: ButtonText;
              right: -2px;
              top: -2px;
            }
            &:active > * {
              left: 0px;
              position: relative;
              top: 0px;
            }
            @media screen and (-ms-high-contrast: active){& {
              -ms-high-contrast-adjust: none;
              background-color: WindowText;
              color: Window;
            }
            &:hover {
              background-color: #deecf9;
              border-color: #deecf9;
              color: #ffffff;
            }
            @media screen and (-ms-high-contrast: active){&:hover {
              background-color: Highlight;
              color: Window;
            }
            &:focus {
              background-color: #deecf9;
              border-color: #ffffff;
            }
            &:active {
              background-color: #ffffff;
              border-color: #ffffff;
              color: #ffffff;
            }
            @media screen and (-ms-high-contrast: active){&:active {
              -ms-high-contrast-adjust: none;
              background-color: WindowText;
              color: Window;
            }
            & .ms-Button-label {
              -moz-osx-font-smoothing: grayscale;
              -webkit-font-smoothing: antialiased;
              color: #0078d4;
              font-family: 'Segoe UI', 'Segoe UI Web (West European)', 'Segoe UI', -apple-system, BlinkMacSystemFont, 'Roboto', 'Helvetica Neue', sans-serif;
              font-size: 14px;
              font-weight: 400;
            }
        data-is-focusable={true}
        onClick={[Function]}
        onKeyDown={[Function]}
        onKeyPress={[Function]}
        onKeyUp={[Function]}
        onMouseDown={[Function]}
        onMouseUp={[Function]}
        type="button"
      >
        <div
          className=
              ms-Button-flexContainer
              {
                align-items: center;
                display: flex;
                flex-wrap: nowrap;
                height: 100%;
                justify-content: center;
              }
        >
          <div
            className=
                ms-Button-textContainer
                {
                  flex-grow: 1;
                }
          >
            <div
              className=
                  ms-Button-label
                  {
                    font-weight: 600;
                    line-height: 100%;
                    margin-bottom: 0;
                    margin-left: 4px;
                    margin-right: 4px;
                    margin-top: 0;
                  }
              id="id__0"
            >
              Test Primary Button
            </div>
          </div>
        </div>
      </button>
      <button
        className=
            ms-Button
            ms-Button--default
            ms-TeachingBubble-secondaryButton
            secondary-className
            {
              -moz-osx-font-smoothing: grayscale;
              -webkit-font-smoothing: antialiased;
              background-color: #0078d4;
              border-color: #ffffff;
              border-radius: 2px;
              border: 1px solid #8a8886;
              box-sizing: border-box;
              color: #323130;
              cursor: pointer;
              display: inline-block;
              font-family: 'Segoe UI', 'Segoe UI Web (West European)', 'Segoe UI', -apple-system, BlinkMacSystemFont, 'Roboto', 'Helvetica Neue', sans-serif;
              font-size: 14px;
              font-weight: 400;
              height: 32px;
              min-width: 80px;
              outline: transparent;
              padding-bottom: 0;
              padding-left: 16px;
              padding-right: 16px;
              padding-top: 0;
              position: relative;
              text-align: center;
              text-decoration: none;
              user-select: none;
              vertical-align: top;
              white-space: nowrap;
            }
            &::-moz-focus-inner {
              border: 0;
            }
            .ms-Fabric--isFocusVisible &:focus:after {
              border: 1px solid transparent;
              bottom: 2px;
              content: "";
              left: 2px;
              outline: 1px solid #605e5c;
              position: absolute;
              right: 2px;
              top: 2px;
              z-index: 1;
            }
            @media screen and (-ms-high-contrast: active){.ms-Fabric--isFocusVisible &:focus:after {
              border: none;
              bottom: -2px;
              left: -2px;
              outline-color: ButtonText;
              right: -2px;
              top: -2px;
            }
            &:active > * {
              left: 0px;
              position: relative;
              top: 0px;
            }
            &:hover {
              background-color: #f3f2f1;
              color: #201f1e;
            }
            @media screen and (-ms-high-contrast: active){&:hover {
              border-color: Highlight;
              color: Highlight;
            }
            &:active {
              background-color: #0078d4;
              border-color: #ffffff;
              color: #201f1e;
            }
            & .ms-Button-label {
              -moz-osx-font-smoothing: grayscale;
              -webkit-font-smoothing: antialiased;
              color: #ffffff;
              font-family: 'Segoe UI', 'Segoe UI Web (West European)', 'Segoe UI', -apple-system, BlinkMacSystemFont, 'Roboto', 'Helvetica Neue', sans-serif;
              font-size: 14px;
              font-weight: 400;
            }
            &:hover, &:focus {
              background-color: #106ebe;
              border-color: #ffffff;
            }
        data-is-focusable={true}
        onClick={[Function]}
        onKeyDown={[Function]}
        onKeyPress={[Function]}
        onKeyUp={[Function]}
        onMouseDown={[Function]}
        onMouseUp={[Function]}
        type="button"
      >
        <div
          className=
              ms-Button-flexContainer
              {
                align-items: center;
                display: flex;
                flex-wrap: nowrap;
                height: 100%;
                justify-content: center;
              }
        >
          <div
            className=
                ms-Button-textContainer
                {
                  flex-grow: 1;
                }
          >
            <div
              className=
                  ms-Button-label
                  {
                    font-weight: 600;
                    line-height: 100%;
                    margin-bottom: 0;
                    margin-left: 4px;
                    margin-right: 4px;
                    margin-top: 0;
                  }
              id="id__3"
            >
              Test Secondary Button
            </div>
          </div>
        </div>
      </button>
    </div>
  </div>
  <button
    className=
        ms-Button
        ms-Button--icon
        ms-TeachingBubble-closebutton
        {
          -moz-osx-font-smoothing: grayscale;
          -webkit-font-smoothing: antialiased;
          background-color: transparent;
          border-radius: 0px;
          border: none;
          box-sizing: border-box;
          color: #ffffff;
          cursor: pointer;
          display: inline-block;
          font-family: 'Segoe UI', 'Segoe UI Web (West European)', 'Segoe UI', -apple-system, BlinkMacSystemFont, 'Roboto', 'Helvetica Neue', sans-serif;
          font-size: 12px;
          font-weight: 400;
          height: 32px;
          outline: transparent;
          padding-bottom: 0;
          padding-left: 4px;
          padding-right: 4px;
          padding-top: 0;
          position: absolute;
          right: 0px;
          text-align: center;
          text-decoration: none;
          top: 0px;
          user-select: none;
          vertical-align: top;
          width: 32px;
        }
        &::-moz-focus-inner {
          border: 0;
        }
        .ms-Fabric--isFocusVisible &:focus:after {
          border: 1px solid transparent;
          bottom: 2px;
          content: "";
          left: 2px;
          outline: 1px solid #605e5c;
          position: absolute;
          right: 2px;
          top: 2px;
          z-index: 1;
        }
        @media screen and (-ms-high-contrast: active){.ms-Fabric--isFocusVisible &:focus:after {
          border: none;
          bottom: -2px;
          left: -2px;
          outline-color: ButtonText;
          right: -2px;
          top: -2px;
        }
        &:active > * {
          left: 0px;
          position: relative;
          top: 0px;
        }
        &:hover {
          background-color: #f3f2f1;
          background: #106ebe;
          color: #ffffff;
        }
        @media screen and (-ms-high-contrast: active){&:hover {
          border-color: Highlight;
          color: Highlight;
        }
        &:active {
          background-color: #edebe9;
          background: #005a9e;
          color: #ffffff;
        }
    data-is-focusable={true}
    onClick={[Function]}
    onKeyDown={[Function]}
    onKeyPress={[Function]}
    onKeyUp={[Function]}
    onMouseDown={[Function]}
    onMouseUp={[Function]}
    type="button"
  >
    <div
      className=
          ms-Button-flexContainer
          {
            align-items: center;
            display: flex;
            flex-wrap: nowrap;
            height: 100%;
            justify-content: center;
          }
    >
      <i
        aria-hidden={true}
        className=
            ms-Button-icon
            {
              -moz-osx-font-smoothing: grayscale;
              -webkit-font-smoothing: antialiased;
              display: inline-block;
              flex-shrink: 0;
              font-family: "FabricMDL2Icons";
              font-size: 16px;
              font-style: normal;
              font-weight: normal;
              height: 16px;
              line-height: 16px;
              margin-bottom: 0;
              margin-left: 4px;
              margin-right: 4px;
              margin-top: 0;
              speak: none;
              text-align: center;
              vertical-align: middle;
            }
        data-icon-name="Cancel"
        role="presentation"
      >
        
      </i>
    </div>
  </button>
</div>
`;

exports[`TeachingBubble renders TeachingBubbleContent with condensed headline correctly 1`] = `
<div
  className=
      ms-TeachingBubble-content
      {
        animation-duration: 300ms;
        animation-fill-mode: both;
        animation-name: keyframes 0%{opacity:0;animation-timing-function:cubic-bezier(.1,.9,.2,1);transform:scale3d(.90,.90,.90);}100%{opacity:1;transform:scale3d(1,1,1);};
        animation-timing-function: linear;
        border: 0px;
        display: block;
        max-width: 364px;
        outline: transparent;
        width: calc(100% + 1px);
      }
  data-is-focusable={true}
  role="dialog"
  tabIndex={-1}
>
  <div
    className=
        ms-TeachingBubble-bodycontent
        {
          padding-bottom: 20px;
          padding-left: 20px;
          padding-right: 20px;
          padding-top: 20px;
        }
  >
    <div
      className=
          ms-TeachingBubble-header
          ms-TeachingBubble-header--condensed
          {
            -moz-osx-font-smoothing: grayscale;
            -webkit-font-smoothing: antialiased;
            font-family: 'Segoe UI', 'Segoe UI Web (West European)', 'Segoe UI', -apple-system, BlinkMacSystemFont, 'Roboto', 'Helvetica Neue', sans-serif;
            font-size: 14px;
            font-weight: 600;
            margin-right: 10px;
          }
    >
      <p
        className=
            ms-TeachingBubble-headline
            {
              color: #ffffff;
              font-weight: 600;
              margin-bottom: 0px;
              margin-left: 0px;
              margin-right: 0px;
              margin-top: 0px;
            }
      >
        Test Title
      </p>
    </div>
    <div
      className=
          ms-TeachingBubble-body
          &:not(:last-child) {
            margin-bottom: 20px;
          }
    >
      <p
        className=
            ms-TeachingBubble-subText
            {
              color: #ffffff;
              font-size: 14px;
              font-weight: 300;
              margin-bottom: 0px;
              margin-left: 0px;
              margin-right: 0px;
              margin-top: 0px;
            }
      >
        Content
      </p>
    </div>
  </div>
</div>
`;

exports[`TeachingBubble renders TeachingBubbleContent with custom footer text 1`] = `
<div
  className=
      ms-TeachingBubble-content
      {
        animation-duration: 300ms;
        animation-fill-mode: both;
        animation-name: keyframes 0%{opacity:0;animation-timing-function:cubic-bezier(.1,.9,.2,1);transform:scale3d(.90,.90,.90);}100%{opacity:1;transform:scale3d(1,1,1);};
        animation-timing-function: linear;
        border: 0px;
        display: block;
        max-width: 364px;
        outline: transparent;
        width: calc(100% + 1px);
      }
  data-is-focusable={true}
  role="dialog"
  tabIndex={-1}
>
  <div
    className=
        ms-TeachingBubble-bodycontent
        {
          padding-bottom: 20px;
          padding-left: 20px;
          padding-right: 20px;
          padding-top: 20px;
        }
  >
    <div
      className=
          ms-TeachingBubble-body
          &:not(:last-child) {
            margin-bottom: 20px;
          }
    >
      <p
        className=
            ms-TeachingBubble-subText
            {
              color: #ffffff;
              font-size: 14px;
              font-weight: 300;
              margin-bottom: 0px;
              margin-left: 0px;
              margin-right: 0px;
              margin-top: 0px;
            }
      >
        Content
      </p>
    </div>
    <div
      className=
          ms-TeachingBubble-footer
          {
            align-items: center;
            color: #ffffff;
            display: flex;
          }
          & .ms-Button:not(:first-child) {
            margin-left: 16px;
          }
    >
      <span>
        1 of 2
      </span>
    </div>
  </div>
</div>
`;

exports[`TeachingBubble renders TeachingBubbleContent with image correctly 1`] = `
<div
  className=
      ms-TeachingBubble-content
      {
        animation-duration: 300ms;
        animation-fill-mode: both;
        animation-name: keyframes 0%{opacity:0;animation-timing-function:cubic-bezier(.1,.9,.2,1);transform:scale3d(.90,.90,.90);}100%{opacity:1;transform:scale3d(1,1,1);};
        animation-timing-function: linear;
        border: 0px;
        display: block;
        max-width: 364px;
        outline: transparent;
        width: calc(100% + 1px);
      }
  data-is-focusable={true}
  role="dialog"
  tabIndex={-1}
>
  <div
    className=
        ms-TeachingBubble-header
        ms-TeachingBubble-image

  >
    <div
      className=
          ms-Image
          {
            -moz-osx-font-smoothing: grayscale;
            -webkit-font-smoothing: antialiased;
            font-family: 'Segoe UI', 'Segoe UI Web (West European)', 'Segoe UI', -apple-system, BlinkMacSystemFont, 'Roboto', 'Helvetica Neue', sans-serif;
            font-size: 14px;
            font-weight: 400;
            overflow: hidden;
          }
      style={
        Object {
          "height": undefined,
          "width": undefined,
        }
      }
    >
      <img
        className=
            ms-Image-image
            ms-Image-image--portrait
            is-notLoaded
            is-fadeIn
            {
              display: block;
              opacity: 0;
            }
        onError={[Function]}
        onLoad={[Function]}
        src="test image url"
      />
    </div>
  </div>
  <div
    className=
        ms-TeachingBubble-bodycontent
        {
          padding-bottom: 20px;
          padding-left: 20px;
          padding-right: 20px;
          padding-top: 20px;
        }
  >
    <div
      className=
          ms-TeachingBubble-header
          ms-TeachingBubble-header--large
          &:not(:last-child) {
            margin-bottom: 14px;
          }
    >
      <p
        className=
            ms-TeachingBubble-headline
            {
              color: #ffffff;
              font-size: 20px;
              font-weight: 600;
              margin-bottom: 0px;
              margin-left: 0px;
              margin-right: 0px;
              margin-top: 0px;
            }
      >
        Test Title
      </p>
    </div>
    <div
      className=
          ms-TeachingBubble-body
          &:not(:last-child) {
            margin-bottom: 20px;
          }
    >
      <p
        className=
            ms-TeachingBubble-subText
            {
              color: #ffffff;
              font-size: 14px;
              font-weight: 300;
              margin-bottom: 0px;
              margin-left: 0px;
              margin-right: 0px;
              margin-top: 0px;
            }
      >
        Content
      </p>
    </div>
  </div>
</div>
`;

exports[`TeachingBubble renders TeachingBubbleContent with small headline correctly 1`] = `
<div
  className=
      ms-TeachingBubble-content
      {
        animation-duration: 300ms;
        animation-fill-mode: both;
        animation-name: keyframes 0%{opacity:0;animation-timing-function:cubic-bezier(.1,.9,.2,1);transform:scale3d(.90,.90,.90);}100%{opacity:1;transform:scale3d(1,1,1);};
        animation-timing-function: linear;
        border: 0px;
        display: block;
        max-width: 364px;
        outline: transparent;
        width: calc(100% + 1px);
      }
  data-is-focusable={true}
  role="dialog"
  tabIndex={-1}
>
  <div
    className=
        ms-TeachingBubble-bodycontent
        {
          padding-bottom: 20px;
          padding-left: 20px;
          padding-right: 20px;
          padding-top: 20px;
        }
  >
    <div
      className=
          ms-TeachingBubble-header
          ms-TeachingBubble-header--small
          {
            -moz-osx-font-smoothing: grayscale;
            -webkit-font-smoothing: antialiased;
            font-family: 'Segoe UI', 'Segoe UI Web (West European)', 'Segoe UI', -apple-system, BlinkMacSystemFont, 'Roboto', 'Helvetica Neue', sans-serif;
            font-size: 14px;
            font-weight: 600;
            margin-right: 10px;
          }
          &:not(:last-child) {
            margin-bottom: 14px;
          }
    >
      <p
        className=
            ms-TeachingBubble-headline
            {
              color: #ffffff;
              font-weight: 600;
              margin-bottom: 0px;
              margin-left: 0px;
              margin-right: 0px;
              margin-top: 0px;
            }
      >
        Test Title
      </p>
    </div>
    <div
      className=
          ms-TeachingBubble-body
          &:not(:last-child) {
            margin-bottom: 20px;
          }
    >
      <p
        className=
            ms-TeachingBubble-subText
            {
              color: #ffffff;
              font-size: 14px;
              font-weight: 300;
              margin-bottom: 0px;
              margin-left: 0px;
              margin-right: 0px;
              margin-top: 0px;
            }
      >
        Content
      </p>
    </div>
  </div>
</div>
`;
