// Jest Snapshot v1, https://goo.gl/fbAQLP

exports[`Checkbox renders Checkbox correctly 1`] = `
<div
  className=
      ms-Checkbox
      is-enabled
      {
        display: flex;
        position: relative;
      }
>
  <input
    className=

        {
          background: none;
          opacity: 0;
          position: absolute;
        }
        .ms-Fabric--isFocusVisible &:focus + label {
          outline-offset: 2px;
          outline: 1px solid #666666;
        }
        @media screen and (-ms-high-contrast: active){.ms-Fabric--isFocusVisible &:focus + label {
          outline: 1px solid ActiveBorder;
        }
    id="checkbox-0"
    onBlur={[Function]}
    onChange={[Function]}
    onFocus={[Function]}
    type="checkbox"
  />
  <label
    className=
        ms-Checkbox-label
        {
          -moz-osx-font-smoothing: grayscale;
          -webkit-font-smoothing: antialiased;
          align-items: flex-start;
          cursor: pointer;
          display: flex;
          font-family: 'Segoe UI', 'Segoe UI Web (West European)', 'Segoe UI', -apple-system, BlinkMacSystemFont, 'Roboto', 'Helvetica Neue', sans-serif;
          font-size: 14px;
          font-weight: 400;
          position: relative;
          text-align: left;
          user-select: none;
        }
        &:hover .ms-Checkbox-checkbox {
          border-color: #333333;
        }
        @media screen and (-ms-high-contrast: active){&:hover .ms-Checkbox-checkbox {
          border-color: Highlight;
        }
        &:focus .ms-Checkbox-checkbox {
          border-color: #333333;
        }
        &:hover .ms-Checkbox-checkmark {
          color: #a6a6a6;
          opacity: 1;
        }
        @media screen and (-ms-high-contrast: active){&:hover .ms-Checkbox-checkmark {
          color: Highlight;
        }
        &:hover .ms-Checkbox-text {
          color: #333333;
        }
        &:focus .ms-Checkbox-text {
          color: #333333;
        }
    htmlFor="checkbox-0"
  >
    <div
      className=
          ms-Checkbox-checkbox
          {
            align-items: center;
            border-color: #666666;
            border-style: solid;
            border-width: 1px;
            box-sizing: border-box;
            display: flex;
            flex-shrink: 0;
            height: 20px;
            justify-content: center;
            margin-right: 4px;
            overflow: hidden;
            transition-duration: 200ms;
            transition-property: background, border, border-color;
            transition-timing-function: cubic-bezier(.4, 0, .23, 1);
            width: 20px;
          }
    >
      <i
        aria-hidden={true}
        className=
            ms-Checkbox-checkmark
            {
              -moz-osx-font-smoothing: grayscale;
              -webkit-font-smoothing: antialiased;
              color: #ffffff;
              display: inline-block;
              font-family: "FabricMDL2Icons";
              font-style: normal;
              font-weight: normal;
              opacity: 0;
              speak: none;
            }
            @media screen and (-ms-high-contrast: active){& {
              -ms-high-contrast-adjust: none;
              color: Window;
            }
        data-icon-name="CheckMark"
        role="presentation"
      >
        îœ¾
      </i>
    </div>
    <span
      className=
          ms-Checkbox-text
          {
            color: #333333;
            font-size: 14px;
            line-height: 20px;
            margin-left: 4px;
          }
    >
      Standard checkbox
    </span>
  </label>
</div>
`;
