// Jest Snapshot v1, https://goo.gl/fbAQLP

exports[`Facepile renders Facepile correctly 1`] = `
<div
  className=
      ms-Facepile
      {
        -moz-osx-font-smoothing: grayscale;
        -webkit-font-smoothing: antialiased;
        font-family: 'Segoe UI', 'Segoe UI Web (West European)', 'Segoe UI', -apple-system, BlinkMacSystemFont, 'Roboto', 'Helvetica Neue', sans-serif;
        font-size: 14px;
        font-weight: 400;
        width: auto;
      }
>
  <div
    className=
        ms-Facepile-itemContainer
        {
          display: flex;
        }
  >
    <ul
      className=
          ms-Facepile-members
          {
            display: flex;
            list-style-type: none;
            margin-bottom: -2px;
            margin-left: -2px;
            margin-right: -2px;
            margin-top: -2px;
            overflow: hidden;
            padding-bottom: 0px;
            padding-left: 0px;
            padding-right: 0px;
            padding-top: 0px;
          }
      role="listbox"
    >
      <li
        className=
            ms-Facepile-member
            {
              display: inline-flex;
              flex: 0 0 auto;
              margin-bottom: 2px;
              margin-left: 2px;
              margin-right: 2px;
              margin-top: 2px;
            }
        role="option"
      >
        <div
          className=
              ms-Facepile-itemButton
              ms-Facepile-person
              {
                background-color: transparent;
                border-radius: 50%;
                border: none;
                cursor: pointer;
                display: inline;
                padding-bottom: 0px;
                padding-left: 0px;
                padding-right: 0px;
                padding-top: 0px;
                text-align: center;
                vertical-align: top;
              }
              &::-moz-focus-inner {
                border: 0px;
                padding-bottom: 0px;
                padding-left: 0px;
                padding-right: 0px;
                padding-top: 0px;
              }
          data-is-focusable={true}
          onMouseMove={[Function]}
          onMouseOut={[Function]}
          role="option"
          title="Annie Lindqvist"
        >
          <div
            className=
                ms-Persona-coin
                ms-Persona--size32
                {
                  -moz-osx-font-smoothing: grayscale;
                  -webkit-font-smoothing: antialiased;
                  font-family: 'Segoe UI', 'Segoe UI Web (West European)', 'Segoe UI', -apple-system, BlinkMacSystemFont, 'Roboto', 'Helvetica Neue', sans-serif;
                  font-size: 14px;
                  font-weight: 400;
                }
          >
            <div
              className=
                  ms-Persona-imageArea
                  {
                    flex: 0 0 auto;
                    height: 32px;
                    position: relative;
                    text-align: center;
                    width: 32px;
                  }
            >
              <div
                className=
                    ms-Image
                    ms-Persona-image
                    {
                      -moz-osx-font-smoothing: grayscale;
                      -webkit-font-smoothing: antialiased;
                      border-radius: 50%;
                      border: 0px;
                      font-family: 'Segoe UI', 'Segoe UI Web (West European)', 'Segoe UI', -apple-system, BlinkMacSystemFont, 'Roboto', 'Helvetica Neue', sans-serif;
                      font-size: 14px;
                      font-weight: 400;
                      height: 32px;
                      left: 0px;
                      margin-right: 10px;
                      overflow: hidden;
                      perspective: 1px;
                      position: absolute;
                      top: 0px;
                      width: 32px;
                    }
                style={
                  Object {
                    "height": 32,
                    "width": 32,
                  }
                }
              >
                <img
                  alt=""
                  className=
                      ms-Image-image
                      ms-Image-image--cover
                      ms-Image-image--portrait
                      is-notLoaded
                      is-fadeIn
                      {
                        display: block;
                        height: 100%;
                        left: 50% /* @noflip */;
                        object-fit: cover;
                        opacity: 0;
                        position: absolute;
                        top: 50%;
                        transform: translate(-50%,-50%);
                        width: 100%;
                      }
                  onError={[Function]}
                  onLoad={[Function]}
                  src="https://static2.sharepointonline.com/files/fabric/office-ui-fabric-react-assets/persona-female.png"
                />
              </div>
            </div>
          </div>
        </div>
      </li>
      <li
        className=
            ms-Facepile-member
            {
              display: inline-flex;
              flex: 0 0 auto;
              margin-bottom: 2px;
              margin-left: 2px;
              margin-right: 2px;
              margin-top: 2px;
            }
        role="option"
      >
        <div
          className=
              ms-Facepile-itemButton
              ms-Facepile-person
              {
                background-color: transparent;
                border-radius: 50%;
                border: none;
                cursor: pointer;
                display: inline;
                padding-bottom: 0px;
                padding-left: 0px;
                padding-right: 0px;
                padding-top: 0px;
                text-align: center;
                vertical-align: top;
              }
              &::-moz-focus-inner {
                border: 0px;
                padding-bottom: 0px;
                padding-left: 0px;
                padding-right: 0px;
                padding-top: 0px;
              }
          data-is-focusable={true}
          onMouseMove={[Function]}
          onMouseOut={[Function]}
          role="option"
          title="Aaron Reid"
        >
          <div
            className=
                ms-Persona-coin
                ms-Persona--size32
                {
                  -moz-osx-font-smoothing: grayscale;
                  -webkit-font-smoothing: antialiased;
                  font-family: 'Segoe UI', 'Segoe UI Web (West European)', 'Segoe UI', -apple-system, BlinkMacSystemFont, 'Roboto', 'Helvetica Neue', sans-serif;
                  font-size: 14px;
                  font-weight: 400;
                }
          >
            <div
              className=
                  ms-Persona-imageArea
                  {
                    flex: 0 0 auto;
                    height: 32px;
                    position: relative;
                    text-align: center;
                    width: 32px;
                  }
            >
              <div
                className=
                    ms-Image
                    ms-Persona-image
                    {
                      -moz-osx-font-smoothing: grayscale;
                      -webkit-font-smoothing: antialiased;
                      border-radius: 50%;
                      border: 0px;
                      font-family: 'Segoe UI', 'Segoe UI Web (West European)', 'Segoe UI', -apple-system, BlinkMacSystemFont, 'Roboto', 'Helvetica Neue', sans-serif;
                      font-size: 14px;
                      font-weight: 400;
                      height: 32px;
                      left: 0px;
                      margin-right: 10px;
                      overflow: hidden;
                      perspective: 1px;
                      position: absolute;
                      top: 0px;
                      width: 32px;
                    }
                style={
                  Object {
                    "height": 32,
                    "width": 32,
                  }
                }
              >
                <img
                  alt=""
                  className=
                      ms-Image-image
                      ms-Image-image--cover
                      ms-Image-image--portrait
                      is-notLoaded
                      is-fadeIn
                      {
                        display: block;
                        height: 100%;
                        left: 50% /* @noflip */;
                        object-fit: cover;
                        opacity: 0;
                        position: absolute;
                        top: 50%;
                        transform: translate(-50%,-50%);
                        width: 100%;
                      }
                  onError={[Function]}
                  onLoad={[Function]}
                  src="https://static2.sharepointonline.com/files/fabric/office-ui-fabric-react-assets/persona-female.png"
                />
              </div>
            </div>
          </div>
        </div>
      </li>
      <li
        className=
            ms-Facepile-member
            {
              display: inline-flex;
              flex: 0 0 auto;
              margin-bottom: 2px;
              margin-left: 2px;
              margin-right: 2px;
              margin-top: 2px;
            }
        role="option"
      >
        <button
          className=
              ms-Button
              ms-Facepile-itemButton
              ms-Facepile-person
              ms-Button--facepile
              {
                -moz-osx-font-smoothing: grayscale;
                -webkit-font-smoothing: antialiased;
                background-color: transparent;
                border-radius: 50%;
                border: none;
                box-sizing: border-box;
                cursor: pointer;
                display: inline;
                font-family: 'Segoe UI', 'Segoe UI Web (West European)', 'Segoe UI', -apple-system, BlinkMacSystemFont, 'Roboto', 'Helvetica Neue', sans-serif;
                font-size: 14px;
                font-weight: 400;
                outline: transparent;
                padding-bottom: 0px;
                padding-left: 0px;
                padding-right: 0px;
                padding-top: 0px;
                position: relative;
                text-align: center;
                text-decoration: none;
                user-select: none;
                vertical-align: top;
              }
              &::-moz-focus-inner {
                border: 0px;
                padding-bottom: 0px;
                padding-left: 0px;
                padding-right: 0px;
                padding-top: 0px;
              }
              .ms-Fabric--isFocusVisible &:focus:after {
                border: 1px solid transparent;
                bottom: 2px;
                content: "";
                left: 2px;
                outline: 1px solid #605e5c;
                position: absolute;
                right: 2px;
                top: 2px;
                z-index: 1;
              }
              @media screen and (-ms-high-contrast: active){.ms-Fabric--isFocusVisible &:focus:after {
                border: none;
                bottom: -2px;
                left: -2px;
                outline-color: ButtonText;
                right: -2px;
                top: -2px;
              }
              &:active > * {
                left: 0px;
                position: relative;
                top: 0px;
              }
          data-is-focusable={true}
          onClick={[Function]}
          onKeyDown={[Function]}
          onKeyPress={[Function]}
          onKeyUp={[Function]}
          onMouseDown={[Function]}
          onMouseMove={[Function]}
          onMouseOut={[Function]}
          onMouseUp={[Function]}
          role="option"
          title="Alex Lundberg"
          type="button"
        >
          <div
            className=
                ms-Button-flexContainer
                {
                  align-items: center;
                  display: flex;
                  flex-wrap: nowrap;
                  height: 100%;
                  justify-content: center;
                }
          >
            <div
              className=
                  ms-Persona-coin
                  ms-Persona--size32
                  {
                    -moz-osx-font-smoothing: grayscale;
                    -webkit-font-smoothing: antialiased;
                    font-family: 'Segoe UI', 'Segoe UI Web (West European)', 'Segoe UI', -apple-system, BlinkMacSystemFont, 'Roboto', 'Helvetica Neue', sans-serif;
                    font-size: 14px;
                    font-weight: 400;
                  }
            >
              <div
                className=
                    ms-Persona-imageArea
                    {
                      flex: 0 0 auto;
                      height: 32px;
                      position: relative;
                      text-align: center;
                      width: 32px;
                    }
              >
                <div
                  aria-hidden="true"
                  className=
                      ms-Persona-initials
                      {
                        background-color: #8E562E;
                        border-radius: 50%;
                        color: #ffffff;
                        font-size: 14px;
                        font-weight: 600;
                        height: 32px;
                        line-height: 32px;
                      }
                      @media screen and (-ms-high-contrast: active){& {
                        -ms-high-contrast-adjust: none;
                        background-color: Window !important;
                        border: 1px solid WindowText;
                        box-sizing: border-box;
                        color: WindowText;
                      }
                      & i {
                        font-weight: 600;
                      }
                >
                  <span>
                    AL
                  </span>
                </div>
              </div>
            </div>
          </div>
        </button>
      </li>
    </ul>
  </div>
</div>
`;
