// Jest Snapshot v1, https://goo.gl/fbAQLP

exports[`SpinButton renders SpinButton correctly 1`] = `
<div
  className=

      {
        font-size: 14px;
        min-width: 86px;
        outline: none;
        width: 100%;
      }
>
  <div
    className=

        {
          display: inline-flex;
          float: left;
          margin-right: 10px;
        }
  >
    <label
      className=
          ms-Label
          {
            -moz-osx-font-smoothing: grayscale;
            -webkit-font-smoothing: antialiased;
            box-shadow: none;
            box-sizing: border-box;
            color: #333333;
            display: block;
            font-family: 'Segoe UI', 'Segoe UI Web (West European)', 'Segoe UI', -apple-system, BlinkMacSystemFont, 'Roboto', 'Helvetica Neue', sans-serif;
            font-size: 14px;
            font-weight: 400;
            margin-bottom: 0px;
            margin-left: 0px;
            margin-right: 0px;
            margin-top: 0px;
            overflow-wrap: break-word;
            padding-bottom: 2px;
            padding-left: 0;
            padding-right: 0;
            padding-top: 2px;
            pointer-events: none;
            word-wrap: break-word;
          }
      htmlFor="input1"
      id="Label0"
    >
      label
    </label>
  </div>
  <div
    className=

        {
          border-color: #a6a6a6;
          border-style: solid;
          border-width: 1px;
          box-sizing: border-box;
          display: flex;
          height: 32px;
          min-width: 86px;
        }
        &:hover {
          border-color: #333333;
          outline: 2px dashed transparent;
        }
        @media screen and (-ms-high-contrast: active){&:hover {
          border-color: Highlight;
          outline: none;
        }
  >
    <input
      aria-disabled={false}
      aria-labelledby="Label0"
      aria-valuemax={100}
      aria-valuemin={0}
      aria-valuenow={0}
      autoComplete="off"
      className=
          ms-spinButton-input
          {
            border-style: none;
            box-shadow: none;
            box-sizing: border-box;
            color: #333333;
            cursor: text;
            display: block;
            float: left;
            font-size: 14px;
            height: 100%;
            margin-bottom: 0;
            margin-left: 0;
            margin-right: 0;
            margin-top: 0;
            min-width: 72px;
            outline: 0;
            overflow: hidden;
            padding-bottom: 0;
            padding-left: 12px;
            padding-right: 12px;
            padding-top: 0;
            text-overflow: ellipsis;
            user-select: text;
            width: calc(100% - 14px);
          }
          &::selection {
            background-color: #0078d4;
            color: #ffffff;
          }
          @media screen and (-ms-high-contrast: active){&::selection {
            background-color: Highlight;
            border-color: Highlight;
            color: HighlightText;
          }
      data-lpignore={true}
      id="input1"
      onBlur={[Function]}
      onChange={[Function]}
      onFocus={[Function]}
      onInput={[Function]}
      onKeyDown={[Function]}
      onKeyUp={[Function]}
      readOnly={false}
      role="spinbutton"
      type="text"
      value="0"
    />
    <span
      className=

          {
            box-sizing: border-box;
            cursor: default;
            display: block;
            float: left;
            font-size: 12px;
            height: 100%;
            outline: none;
            padding-bottom: 0;
            padding-left: 0;
            padding-right: 0;
            padding-top: 0;
          }
    >
      <button
        className=
            ms-Button
            ms-Button--icon
            ms-UpButton
            {
              -moz-osx-font-smoothing: grayscale;
              -webkit-font-smoothing: antialiased;
              background-color: transparent;
              border-radius: 0px;
              border: none;
              box-sizing: border-box;
              color: #333333;
              cursor: default;
              display: block;
              font-family: 'Segoe UI', 'Segoe UI Web (West European)', 'Segoe UI', -apple-system, BlinkMacSystemFont, 'Roboto', 'Helvetica Neue', sans-serif;
              font-size: 14px;
              font-weight: 400;
              height: 50%;
              margin-bottom: 0px;
              margin-left: 0px;
              margin-right: 0px;
              margin-top: 0px;
              outline: none;
              padding-bottom: 0;
              padding-left: 0;
              padding-right: 0;
              padding-top: 0;
              position: relative;
              text-align: center;
              text-decoration: none;
              user-select: none;
              vertical-align: top;
              width: 14px;
            }
            &::-moz-focus-inner {
              border: 0;
            }
            .ms-Fabric--isFocusVisible &:focus:after {
              border: 1px solid #ffffff;
              bottom: 0px;
              content: "";
              left: 0px;
              outline: 1px solid #666666;
              position: absolute;
              right: 0px;
              top: 0px;
              z-index: 1;
            }
            @media screen and (-ms-high-contrast: active){.ms-Fabric--isFocusVisible &:focus:after {
              border: none;
              bottom: -2px;
              left: -2px;
              outline-color: ButtonText;
              right: -2px;
              top: -2px;
            }
            &:active > * {
              left: 0px;
              position: relative;
              top: 0px;
            }
            &:hover {
              background-color: #eaeaea;
              color: #212121;
            }
            @media screen and (-ms-high-contrast: active){&:hover {
              border-color: Highlight;
              color: Highlight;
            }
            &:active {
              background-color: #c8c8c8;
              color: #212121;
            }
            @media screen and (-ms-high-contrast: active){&:active {
              background-color: Highlight;
              color: HighlightText;
            }
        data-is-focusable={false}
        onClick={[Function]}
        onKeyDown={[Function]}
        onKeyPress={[Function]}
        onKeyUp={[Function]}
        onMouseDown={[Function]}
        onMouseLeave={[Function]}
        onMouseUp={[Function]}
        tabIndex={-1}
        type="button"
      >
        <div
          className=
              ms-Button-flexContainer
              {
                align-items: center;
                display: flex;
                flex-wrap: nowrap;
                height: 100%;
                justify-content: center;
              }
        >
          <i
            aria-hidden={true}
            className=
                ms-Button-icon
                {
                  -moz-osx-font-smoothing: grayscale;
                  -webkit-font-smoothing: antialiased;
                  display: inline-block;
                  flex-shrink: 0;
                  font-family: "FabricMDL2Icons-2";
                  font-size: 6px;
                  font-style: normal;
                  font-weight: normal;
                  height: 16px;
                  line-height: 16px;
                  margin-bottom: 0;
                  margin-left: 0;
                  margin-right: 0;
                  margin-top: 0;
                  speak: none;
                  text-align: center;
                  vertical-align: middle;
                }
            data-icon-name="ChevronUpSmall"
            role="presentation"
          >
            î¥­
          </i>
        </div>
      </button>
      <button
        className=
            ms-Button
            ms-Button--icon
            ms-DownButton
            {
              -moz-osx-font-smoothing: grayscale;
              -webkit-font-smoothing: antialiased;
              background-color: transparent;
              border-radius: 0px;
              border: none;
              box-sizing: border-box;
              color: #333333;
              cursor: default;
              display: block;
              font-family: 'Segoe UI', 'Segoe UI Web (West European)', 'Segoe UI', -apple-system, BlinkMacSystemFont, 'Roboto', 'Helvetica Neue', sans-serif;
              font-size: 14px;
              font-weight: 400;
              height: 50%;
              margin-bottom: 0px;
              margin-left: 0px;
              margin-right: 0px;
              margin-top: 0px;
              outline: none;
              padding-bottom: 0;
              padding-left: 0;
              padding-right: 0;
              padding-top: 0;
              position: relative;
              text-align: center;
              text-decoration: none;
              user-select: none;
              vertical-align: top;
              width: 14px;
            }
            &::-moz-focus-inner {
              border: 0;
            }
            .ms-Fabric--isFocusVisible &:focus:after {
              border: 1px solid #ffffff;
              bottom: 0px;
              content: "";
              left: 0px;
              outline: 1px solid #666666;
              position: absolute;
              right: 0px;
              top: 0px;
              z-index: 1;
            }
            @media screen and (-ms-high-contrast: active){.ms-Fabric--isFocusVisible &:focus:after {
              border: none;
              bottom: -2px;
              left: -2px;
              outline-color: ButtonText;
              right: -2px;
              top: -2px;
            }
            &:active > * {
              left: 0px;
              position: relative;
              top: 0px;
            }
            &:hover {
              background-color: #eaeaea;
              color: #212121;
            }
            @media screen and (-ms-high-contrast: active){&:hover {
              border-color: Highlight;
              color: Highlight;
            }
            &:active {
              background-color: #c8c8c8;
              color: #212121;
            }
            @media screen and (-ms-high-contrast: active){&:active {
              background-color: Highlight;
              color: HighlightText;
            }
        data-is-focusable={false}
        onClick={[Function]}
        onKeyDown={[Function]}
        onKeyPress={[Function]}
        onKeyUp={[Function]}
        onMouseDown={[Function]}
        onMouseLeave={[Function]}
        onMouseUp={[Function]}
        tabIndex={-1}
        type="button"
      >
        <div
          className=
              ms-Button-flexContainer
              {
                align-items: center;
                display: flex;
                flex-wrap: nowrap;
                height: 100%;
                justify-content: center;
              }
        >
          <i
            aria-hidden={true}
            className=
                ms-Button-icon
                {
                  -moz-osx-font-smoothing: grayscale;
                  -webkit-font-smoothing: antialiased;
                  display: inline-block;
                  flex-shrink: 0;
                  font-family: "FabricMDL2Icons-2";
                  font-size: 6px;
                  font-style: normal;
                  font-weight: normal;
                  height: 16px;
                  line-height: 16px;
                  margin-bottom: 0;
                  margin-left: 0;
                  margin-right: 0;
                  margin-top: 0;
                  speak: none;
                  text-align: center;
                  vertical-align: middle;
                }
            data-icon-name="ChevronDownSmall"
            role="presentation"
          >
            î¥®
          </i>
        </div>
      </button>
    </span>
  </div>
</div>
`;

exports[`SpinButton renders SpinButton correctly with values that the user passes in 1`] = `
<div
  className=

      {
        font-size: 14px;
        min-width: 86px;
        outline: none;
        width: 100%;
      }
>
  <div
    className=

        {
          display: inline-flex;
          float: left;
          margin-right: 10px;
        }
  >
    <label
      className=
          ms-Label
          {
            -moz-osx-font-smoothing: grayscale;
            -webkit-font-smoothing: antialiased;
            box-shadow: none;
            box-sizing: border-box;
            color: #333333;
            display: block;
            font-family: 'Segoe UI', 'Segoe UI Web (West European)', 'Segoe UI', -apple-system, BlinkMacSystemFont, 'Roboto', 'Helvetica Neue', sans-serif;
            font-size: 14px;
            font-weight: 400;
            margin-bottom: 0px;
            margin-left: 0px;
            margin-right: 0px;
            margin-top: 0px;
            overflow-wrap: break-word;
            padding-bottom: 2px;
            padding-left: 0;
            padding-right: 0;
            padding-top: 2px;
            pointer-events: none;
            word-wrap: break-word;
          }
      htmlFor="input1"
      id="Label0"
    >
      label
    </label>
  </div>
  <div
    className=

        {
          border-color: #a6a6a6;
          border-style: solid;
          border-width: 1px;
          box-sizing: border-box;
          display: flex;
          height: 32px;
          min-width: 86px;
        }
        &:hover {
          border-color: #333333;
          outline: 2px dashed transparent;
        }
        @media screen and (-ms-high-contrast: active){&:hover {
          border-color: Highlight;
          outline: none;
        }
  >
    <input
      aria-disabled={false}
      aria-labelledby="Label0"
      aria-valuemax={100}
      aria-valuemin={0}
      aria-valuenow={0}
      aria-valuetext="0 pt"
      autoComplete="off"
      className=
          ms-spinButton-input
          {
            border-style: none;
            box-shadow: none;
            box-sizing: border-box;
            color: #333333;
            cursor: text;
            display: block;
            float: left;
            font-size: 14px;
            height: 100%;
            margin-bottom: 0;
            margin-left: 0;
            margin-right: 0;
            margin-top: 0;
            min-width: 72px;
            outline: 0;
            overflow: hidden;
            padding-bottom: 0;
            padding-left: 12px;
            padding-right: 12px;
            padding-top: 0;
            text-overflow: ellipsis;
            user-select: text;
            width: calc(100% - 14px);
          }
          &::selection {
            background-color: #0078d4;
            color: #ffffff;
          }
          @media screen and (-ms-high-contrast: active){&::selection {
            background-color: Highlight;
            border-color: Highlight;
            color: HighlightText;
          }
      data-lpignore={true}
      id="input1"
      onBlur={[Function]}
      onChange={[Function]}
      onFocus={[Function]}
      onInput={[Function]}
      onKeyDown={[Function]}
      onKeyUp={[Function]}
      readOnly={false}
      role="spinbutton"
      type="text"
      value="0"
    />
    <span
      className=

          {
            box-sizing: border-box;
            cursor: default;
            display: block;
            float: left;
            font-size: 12px;
            height: 100%;
            outline: none;
            padding-bottom: 0;
            padding-left: 0;
            padding-right: 0;
            padding-top: 0;
          }
    >
      <button
        className=
            ms-Button
            ms-Button--icon
            ms-UpButton
            {
              -moz-osx-font-smoothing: grayscale;
              -webkit-font-smoothing: antialiased;
              background-color: transparent;
              border-radius: 0px;
              border: none;
              box-sizing: border-box;
              color: #333333;
              cursor: default;
              display: block;
              font-family: 'Segoe UI', 'Segoe UI Web (West European)', 'Segoe UI', -apple-system, BlinkMacSystemFont, 'Roboto', 'Helvetica Neue', sans-serif;
              font-size: 14px;
              font-weight: 400;
              height: 50%;
              margin-bottom: 0px;
              margin-left: 0px;
              margin-right: 0px;
              margin-top: 0px;
              outline: none;
              padding-bottom: 0;
              padding-left: 0;
              padding-right: 0;
              padding-top: 0;
              position: relative;
              text-align: center;
              text-decoration: none;
              user-select: none;
              vertical-align: top;
              width: 14px;
            }
            &::-moz-focus-inner {
              border: 0;
            }
            .ms-Fabric--isFocusVisible &:focus:after {
              border: 1px solid #ffffff;
              bottom: 0px;
              content: "";
              left: 0px;
              outline: 1px solid #666666;
              position: absolute;
              right: 0px;
              top: 0px;
              z-index: 1;
            }
            @media screen and (-ms-high-contrast: active){.ms-Fabric--isFocusVisible &:focus:after {
              border: none;
              bottom: -2px;
              left: -2px;
              outline-color: ButtonText;
              right: -2px;
              top: -2px;
            }
            &:active > * {
              left: 0px;
              position: relative;
              top: 0px;
            }
            &:hover {
              background-color: #eaeaea;
              color: #212121;
            }
            @media screen and (-ms-high-contrast: active){&:hover {
              border-color: Highlight;
              color: Highlight;
            }
            &:active {
              background-color: #c8c8c8;
              color: #212121;
            }
            @media screen and (-ms-high-contrast: active){&:active {
              background-color: Highlight;
              color: HighlightText;
            }
        data-is-focusable={false}
        onClick={[Function]}
        onKeyDown={[Function]}
        onKeyPress={[Function]}
        onKeyUp={[Function]}
        onMouseDown={[Function]}
        onMouseLeave={[Function]}
        onMouseUp={[Function]}
        tabIndex={-1}
        type="button"
      >
        <div
          className=
              ms-Button-flexContainer
              {
                align-items: center;
                display: flex;
                flex-wrap: nowrap;
                height: 100%;
                justify-content: center;
              }
        >
          <i
            aria-hidden={true}
            className=
                ms-Button-icon
                {
                  -moz-osx-font-smoothing: grayscale;
                  -webkit-font-smoothing: antialiased;
                  display: inline-block;
                  flex-shrink: 0;
                  font-family: "FabricMDL2Icons-2";
                  font-size: 6px;
                  font-style: normal;
                  font-weight: normal;
                  height: 16px;
                  line-height: 16px;
                  margin-bottom: 0;
                  margin-left: 0;
                  margin-right: 0;
                  margin-top: 0;
                  speak: none;
                  text-align: center;
                  vertical-align: middle;
                }
            data-icon-name="ChevronUpSmall"
            role="presentation"
          >
            î¥­
          </i>
        </div>
      </button>
      <button
        className=
            ms-Button
            ms-Button--icon
            ms-DownButton
            {
              -moz-osx-font-smoothing: grayscale;
              -webkit-font-smoothing: antialiased;
              background-color: transparent;
              border-radius: 0px;
              border: none;
              box-sizing: border-box;
              color: #333333;
              cursor: default;
              display: block;
              font-family: 'Segoe UI', 'Segoe UI Web (West European)', 'Segoe UI', -apple-system, BlinkMacSystemFont, 'Roboto', 'Helvetica Neue', sans-serif;
              font-size: 14px;
              font-weight: 400;
              height: 50%;
              margin-bottom: 0px;
              margin-left: 0px;
              margin-right: 0px;
              margin-top: 0px;
              outline: none;
              padding-bottom: 0;
              padding-left: 0;
              padding-right: 0;
              padding-top: 0;
              position: relative;
              text-align: center;
              text-decoration: none;
              user-select: none;
              vertical-align: top;
              width: 14px;
            }
            &::-moz-focus-inner {
              border: 0;
            }
            .ms-Fabric--isFocusVisible &:focus:after {
              border: 1px solid #ffffff;
              bottom: 0px;
              content: "";
              left: 0px;
              outline: 1px solid #666666;
              position: absolute;
              right: 0px;
              top: 0px;
              z-index: 1;
            }
            @media screen and (-ms-high-contrast: active){.ms-Fabric--isFocusVisible &:focus:after {
              border: none;
              bottom: -2px;
              left: -2px;
              outline-color: ButtonText;
              right: -2px;
              top: -2px;
            }
            &:active > * {
              left: 0px;
              position: relative;
              top: 0px;
            }
            &:hover {
              background-color: #eaeaea;
              color: #212121;
            }
            @media screen and (-ms-high-contrast: active){&:hover {
              border-color: Highlight;
              color: Highlight;
            }
            &:active {
              background-color: #c8c8c8;
              color: #212121;
            }
            @media screen and (-ms-high-contrast: active){&:active {
              background-color: Highlight;
              color: HighlightText;
            }
        data-is-focusable={false}
        onClick={[Function]}
        onKeyDown={[Function]}
        onKeyPress={[Function]}
        onKeyUp={[Function]}
        onMouseDown={[Function]}
        onMouseLeave={[Function]}
        onMouseUp={[Function]}
        tabIndex={-1}
        type="button"
      >
        <div
          className=
              ms-Button-flexContainer
              {
                align-items: center;
                display: flex;
                flex-wrap: nowrap;
                height: 100%;
                justify-content: center;
              }
        >
          <i
            aria-hidden={true}
            className=
                ms-Button-icon
                {
                  -moz-osx-font-smoothing: grayscale;
                  -webkit-font-smoothing: antialiased;
                  display: inline-block;
                  flex-shrink: 0;
                  font-family: "FabricMDL2Icons-2";
                  font-size: 6px;
                  font-style: normal;
                  font-weight: normal;
                  height: 16px;
                  line-height: 16px;
                  margin-bottom: 0;
                  margin-left: 0;
                  margin-right: 0;
                  margin-top: 0;
                  speak: none;
                  text-align: center;
                  vertical-align: middle;
                }
            data-icon-name="ChevronDownSmall"
            role="presentation"
          >
            î¥®
          </i>
        </div>
      </button>
    </span>
  </div>
</div>
`;
