// Jest Snapshot v1, https://goo.gl/fbAQLP

exports[`TagPicker renders correctly 1`] = `
<div
  className=
      ms-BasePicker

  onBlur={[Function]}
  onKeyDown={[Function]}
>
  <div
    className=
        ms-FocusZone
        &:focus {
          outline: none;
        }
    data-focuszone-id="FocusZone1"
    onFocus={[Function]}
    onKeyDown={[Function]}
    onMouseDownCapture={[Function]}
    role="presentation"
  >
    <div
      className="ms-SelectionZone"
      onClick={[Function]}
      onContextMenu={[Function]}
      onDoubleClick={[Function]}
      onFocusCapture={[Function]}
      onKeyDown={[Function]}
      onKeyDownCapture={[Function]}
      onMouseDown={[Function]}
      onMouseDownCapture={[Function]}
      role="presentation"
    >
      <div
        className=
            ms-BasePicker-text
            {
              align-items: center;
              border-radius: 2px;
              border: 1px solid #8a8886;
              box-sizing: border-box;
              display: flex;
              flex-wrap: wrap;
              min-height: 30px;
              min-width: 180px;
              position: relative;
            }
            &:hover {
              border-color: #323130;
            }
      >
        <input
          aria-autocomplete="both"
          aria-controls=" "
          aria-expanded={false}
          aria-haspopup="true"
          autoCapitalize="off"
          autoComplete="off"
          className=
              ms-BasePicker-input
              {
                align-self: flex-end;
                border-radius: 2px;
                border: none;
                flex-grow: 1;
                height: 30px;
                outline: none;
                padding-bottom: 0;
                padding-left: 6px;
                padding-right: 6px;
                padding-top: 0;
              }
          data-lpignore={true}
          onBlur={[Function]}
          onChange={[Function]}
          onClick={[Function]}
          onCompositionEnd={[Function]}
          onCompositionStart={[Function]}
          onFocus={[Function]}
          onInput={[Function]}
          onKeyDown={[Function]}
          role="combobox"
          spellCheck={false}
          value=""
        />
      </div>
    </div>
  </div>
</div>
`;
