// Jest Snapshot v1, https://goo.gl/fbAQLP

exports[`MessageBar renders MessageBar correctly 1`] = `
<div
  style={
    Object {
      "background": "#ffffff",
    }
  }
>
  <div
    className=
        ms-MessageBar
        ms-MessageBar-multiline
        {
          -moz-osx-font-smoothing: grayscale;
          -webkit-font-smoothing: antialiased;
          background: #f4f4f4;
          box-sizing: border-box;
          color: #333333;
          display: flex;
          flex-direction: column;
          font-family: 'Segoe UI', 'Segoe UI Web (West European)', 'Segoe UI', -apple-system, BlinkMacSystemFont, 'Roboto', 'Helvetica Neue', sans-serif;
          font-size: 14px;
          font-weight: 400;
          min-height: 32px;
          width: 100%;
          word-break: break-word;
        }
        & .ms-Link {
          -moz-osx-font-smoothing: grayscale;
          -webkit-font-smoothing: antialiased;
          color: #005a9e;
          font-family: 'Segoe UI', 'Segoe UI Web (West European)', 'Segoe UI', -apple-system, BlinkMacSystemFont, 'Roboto', 'Helvetica Neue', sans-serif;
          font-size: 12px;
          font-weight: 400;
        }
        @media screen and (-ms-high-contrast: active){& {
          background: windowText;
          color: Window;
        }
  >
    <div
      className=
          ms-MessageBar-content
          {
            box-sizing: border-box;
            display: flex;
            flex-direction: row;
            line-height: normal;
            width: 100%;
          }
    >
      <div
        aria-hidden={true}
        className=
            ms-MessageBar-icon
            {
              color: #666666;
              display: flex;
              flex-shrink: 0;
              font-size: 16px;
              margin-bottom: 16px;
              margin-left: 16px;
              margin-right: 0px;
              margin-top: 16px;
              min-height: 16px;
              min-width: 16px;
            }
            @media only screen and (min-width: 0px) and (max-width: 479px){& {
              margin-bottom: 8px;
              margin-left: 8px;
              margin-right: 0px;
              margin-top: 8px;
            }
      >
        <i
          aria-hidden={true}
          className=

              {
                -moz-osx-font-smoothing: grayscale;
                -webkit-font-smoothing: antialiased;
                color: #666666;
                display: inline-block;
                font-family: "FabricMDL2Icons";
                font-style: normal;
                font-weight: normal;
                speak: none;
              }
              @media screen and (-ms-high-contrast: active){& {
                -ms-high-contrast-adjust: none;
                color: window;
              }
          data-icon-name="Info"
          role="presentation"
        >
          î¥†
        </i>
      </div>
      <div
        className=
            ms-MessageBar-text
            {
              -moz-osx-font-smoothing: grayscale;
              -webkit-font-smoothing: antialiased;
              display: flex;
              flex-grow: 1;
              font-family: 'Segoe UI', 'Segoe UI Web (West European)', 'Segoe UI', -apple-system, BlinkMacSystemFont, 'Roboto', 'Helvetica Neue', sans-serif;
              font-size: 12px;
              font-weight: 400;
              margin-bottom: 16px;
              margin-left: 8px;
              margin-right: 16px;
              margin-top: 16px;
              min-width: 0px;
            }
            @media only screen and (min-width: 0px) and (max-width: 479px){& {
              margin-bottom: 8px;
              margin-left: 8px;
              margin-right: 8px;
              margin-top: 8px;
            }
            @media screen and (-ms-high-contrast: active){& {
              -ms-high-contrast-adjust: none;
              color: window;
            }
        id="MessageBar0"
      >
        <span
          aria-live="polite"
          className=
              ms-MessageBar-innerText
              {
                line-height: 16px;
              }
              & a {
                padding-left: 4px;
              }
          role="status"
        />
      </div>
    </div>
  </div>
</div>
`;
