// Jest Snapshot v1, https://goo.gl/fbAQLP

exports[`SelectedItemsList SelectedItemsList renders SelectedItemsList correctly 1`] = `null`;
