// Jest Snapshot v1, https://goo.gl/fbAQLP

exports[`ColorRectangle renders correctly 1`] = `
<div
  className=
      ms-ColorPicker-colorRect
      {
        border-radius: 2px;
        border: 1px solid #f3f2f1;
        margin-bottom: 10px;
        position: relative;
      }
      @media screen and (-ms-high-contrast: active){& {
        -ms-high-contrast-adjust: none;
      }
  onMouseDown={[Function]}
  style={
    Object {
      "backgroundColor": "#0080ff",
      "minHeight": 220,
      "minWidth": 220,
    }
  }
>
  <div
    className=
        ms-ColorPicker-light
        {
          background: linear-gradient(to right, white 0%, transparent 100%);
          bottom: 0px;
          left: 0px;
          position: absolute;
          right: 0px;
          top: 0px;
        }
  />
  <div
    className=
        ms-ColorPicker-dark
        {
          background: linear-gradient(to bottom, transparent 0, #000 100%);
          bottom: 0px;
          left: 0px;
          position: absolute;
          right: 0px;
          top: 0px;
        }
  />
  <div
    className=
        ms-ColorPicker-thumb
        {
          background: white;
          border-radius: 50%;
          border: 1px solid #8a8886;
          box-shadow: 0 3.2px 7.2px 0 rgba(0, 0, 0, 0.132), 0 0.6px 1.8px 0 rgba(0, 0, 0, 0.108);
          height: 20px;
          position: absolute;
          transform: translate(-50%, -50%);
          width: 20px;
        }
        &:before {
          border-radius: 50%;
          border: 2px solid #ffffff;
          bottom: 0px;
          box-sizing: border-box;
          content: "";
          left: 0px;
          position: absolute;
          right: 0px;
          top: 0px;
        }
    style={
      Object {
        "backgroundColor": "#abcdef",
        "left": "28%",
        "top": "6%",
      }
    }
  />
</div>
`;
