// Jest Snapshot v1, https://goo.gl/fbAQLP

exports[`Dialog renders chiclet with title, icon, onClick, and url 1`] = `
<div
  className=
      ms-ChicletCard
      {
        -moz-osx-font-smoothing: grayscale;
        -webkit-font-smoothing: antialiased;
        background-color: #ffffff;
        border-radius: 2px;
        box-shadow: 0 1px 3px 0 rgba(0, 0, 0, 0.3);
        box-sizing: border-box;
        font-family: 'Segoe UI', 'Segoe UI Web (West European)', 'Segoe UI', -apple-system, BlinkMacSystemFont, 'Roboto', 'Helvetica Neue', sans-serif;
        font-size: 14px;
        font-weight: 400;
        height: 126px;
        margin-bottom: 0px;
        margin-left: 0px;
        margin-right: 0px;
        margin-top: 0px;
        padding-bottom: 0px;
        padding-left: 0px;
        padding-right: 0px;
        padding-top: 0px;
        position: relative;
        user-select: none;
        width: 600px;
      }
      &:hover {
        cursor: pointer;
      }
  onClick={[Function]}
  role="button"
  tabIndex={0}
>
  <div
    className=

        {
          background-color: #ffffff;
          display: block;
          float: left;
          height: 122px;
          padding-bottom: 2px;
          padding-left: 2px;
          padding-right: 0px;
          padding-top: 2px;
          position: relative;
          width: 198px;
        }
  >
    <div>
      <div
        className=
            ms-Image
            {
              -moz-osx-font-smoothing: grayscale;
              -webkit-font-smoothing: antialiased;
              font-family: 'Segoe UI', 'Segoe UI Web (West European)', 'Segoe UI', -apple-system, BlinkMacSystemFont, 'Roboto', 'Helvetica Neue', sans-serif;
              font-size: 14px;
              font-weight: 400;
              overflow: hidden;
            }
        style={
          Object {
            "height": "122px",
            "width": "198px",
          }
        }
      >
        <img
          className=
              ms-Image-image
              ms-Image-image--portrait
              is-notLoaded
              is-fadeIn
              {
                display: block;
                height: 100%;
                opacity: 0;
                width: 100%;
              }
          onError={[Function]}
          onLoad={[Function]}
          role="presentation"
          src="https://static2.sharepointonline.com/files/fabric/assets/brand-icons/document/svg/docx_48x1.svg"
        />
      </div>
      <img
        className=

            {
              bottom: 10px;
              height: 24px;
              left: 10px;
              position: absolute;
            }
        src="https://static2.sharepointonline.com/files/fabric/assets/brand-icons/product/svg/word_16x1_5.svg"
      />
    </div>
  </div>
  <div
    className=

        {
          display: block;
          height: 100%;
          overflow: hidden;
          position: relative;
          width: 400px;
          word-wrap: break-word;
        }
  >
    <div
      className=

          {
            color: #323130;
            font-size: 16px;
            font-stretch: normal;
            font-style: normal;
            font-weight: normal;
            height: 41px;
            letter-spacing: normal;
            line-height: 1.25;
            overflow: hidden;
            padding-bottom: 5px;
            padding-left: 11px;
            padding-right: 26px;
            padding-top: 9px;
            text-align: left;
            width: 363px;
            word-wrap: break-word;
          }
    >
      My Daily Notes
    </div>
    <div
      className=

          {
            color: #797671;
            font-size: 12px;
            font-stretch: normal;
            font-style: normal;
            font-weight: normal;
            height: 16px;
            letter-spacing: normal;
            line-height: 1.33;
            overflow: hidden;
            padding-bottom: 17px;
            padding-left: 11px;
            padding-right: 16px;
            padding-top: 0px;
            text-align: left;
            text-overflow: ellipsis;
            white-space: nowrap;
            width: 248px;
          }
    >
      https://onedrive.com
    </div>
  </div>
</div>
`;
