// Jest Snapshot v1, https://goo.gl/fbAQLP

exports[`TextField deprecated renders with deprecated props affecting styling 1`] = `
<div
  className=
      ms-TextField
      {
        -moz-osx-font-smoothing: grayscale;
        -webkit-font-smoothing: antialiased;
        box-shadow: none;
        box-sizing: border-box;
        font-family: 'Segoe UI', 'Segoe UI Web (West European)', 'Segoe UI', -apple-system, BlinkMacSystemFont, 'Roboto', 'Helvetica Neue', sans-serif;
        font-size: 14px;
        font-weight: 400;
        margin-bottom: 0px;
        margin-left: 0px;
        margin-right: 0px;
        margin-top: 0px;
        padding-bottom: 0px;
        padding-left: 0px;
        padding-right: 0px;
        padding-top: 0px;
        position: relative;
      }
>
  <div
    className=
        ms-TextField-wrapper

  >
    <div
      className=
          ms-TextField-fieldGroup
          {
            align-items: stretch;
            background: #ffffff;
            border: 1px solid #a6a6a6;
            box-shadow: none;
            box-sizing: border-box;
            cursor: text;
            display: flex;
            flex-direction: row;
            height: 32px;
            margin-bottom: 0px;
            margin-left: 0px;
            margin-right: 0px;
            margin-top: 0px;
            padding-bottom: 0px;
            padding-left: 0px;
            padding-right: 0px;
            padding-top: 0px;
            position: relative;
          }
          &:hover {
            border-color: #333333;
          }
          @media screen and (-ms-high-contrast: active){&:hover {
            border-color: Highlight;
          }
    >
      <div
        className=
            ms-TextField-prefix
            {
              align-items: center;
              background: #f4f4f4;
              color: #666666;
              display: flex;
              flex-shrink: 0;
              line-height: 1px;
              padding-bottom: 0;
              padding-left: 10px;
              padding-right: 10px;
              padding-top: 0;
              white-space: nowrap;
            }
      >
        <span
          style={
            Object {
              "paddingBottom": "1px",
            }
          }
        >
          test addonString
        </span>
      </div>
      <input
        aria-invalid={false}
        className=
            ms-TextField-field
            {
              -moz-osx-font-smoothing: grayscale;
              -webkit-font-smoothing: antialiased;
              background-color: transparent;
              background: none;
              border-radius: 0px;
              border: none;
              box-shadow: none;
              box-sizing: border-box;
              color: #333333;
              font-family: 'Segoe UI', 'Segoe UI Web (West European)', 'Segoe UI', -apple-system, BlinkMacSystemFont, 'Roboto', 'Helvetica Neue', sans-serif;
              font-size: 14px;
              font-weight: 400;
              margin-bottom: 0px;
              margin-left: 0px;
              margin-right: 0px;
              margin-top: 0px;
              min-width: 0px;
              outline: 0px;
              padding-bottom: 0;
              padding-left: 12px;
              padding-right: 12px;
              padding-top: 0;
              text-overflow: ellipsis;
              width: 100%;
            }
            &:active, &:focus, &:hover {
              outline: 0px;
            }
            &::-ms-clear {
              display: none;
            }
            &::placeholder {
              color: #666666;
              opacity: 1;
            }
            &:-ms-input-placeholder {
              color: #666666;
              opacity: 1;
            }
        id="TextField0"
        onBlur={[Function]}
        onChange={[Function]}
        onFocus={[Function]}
        onInput={[Function]}
        type="text"
        value=""
      />
      <i
        aria-hidden={true}
        className=
            test-iconClass
            {
              bottom: 5px;
              display: inline-block;
              font-size: 16px;
              line-height: 18px;
              pointer-events: none;
              position: absolute;
              right: 8px;
              top: auto;
            }
        role="presentation"
      />
    </div>
  </div>
</div>
`;
