// Jest Snapshot v1, https://goo.gl/fbAQLP

exports[`MicroFeedback renders correctly with inline prop set 1`] = `
<div
  className=
      ms-Stack
      {
        box-sizing: border-box;
        display: flex;
        flex-direction: column;
        flex-wrap: nowrap;
        height: auto;
        margin-bottom: 4px;
        margin-left: 8px;
        margin-right: 8px;
        margin-top: 4px;
        width: 100%;
      }
      & > * {
        text-overflow: ellipsis;
      }
      & > *:not(:first-child) {
        margin-top: 0px;
      }
      & > *:not(.ms-StackItem) {
        flex-shrink: 1;
      }
>
  <div
    className=
        ms-Stack
        {
          box-sizing: border-box;
          display: flex;
          flex-direction: row;
          flex-wrap: nowrap;
          float: right;
          height: auto;
          width: auto;
        }
        & > * {
          text-overflow: ellipsis;
        }
        & > *:not(:first-child) {
          margin-left: 0px;
        }
        & > *:not(.ms-StackItem) {
          flex-shrink: 1;
        }
  >
    <div>
      <button
        className=
            ms-Button
            ms-Button--icon
            {
              -moz-osx-font-smoothing: grayscale;
              -webkit-font-smoothing: antialiased;
              background-color: transparent;
              border-radius: 0px;
              border: none;
              box-sizing: border-box;
              color: #333333;
              cursor: pointer;
              display: inline-block;
              font-family: 'Segoe UI', 'Segoe UI Web (West European)', 'Segoe UI', -apple-system, BlinkMacSystemFont, 'Roboto', 'Helvetica Neue', sans-serif;
              font-size: 14px;
              font-weight: 400;
              height: 32px;
              margin-bottom: 0px;
              margin-left: 0px;
              margin-right: 0px;
              margin-top: 0px;
              outline: transparent;
              padding-bottom: 0;
              padding-left: 4px;
              padding-right: 4px;
              padding-top: 0;
              position: relative;
              text-align: center;
              text-decoration: none;
              user-select: none;
              vertical-align: top;
              width: 32px;
            }
            &::-moz-focus-inner {
              border: 0;
            }
            .ms-Fabric--isFocusVisible &:focus:after {
              border: 1px solid #ffffff;
              bottom: 0px;
              content: "";
              left: 0px;
              outline: 1px solid #666666;
              position: absolute;
              right: 0px;
              top: 0px;
              z-index: 1;
            }
            @media screen and (-ms-high-contrast: active){.ms-Fabric--isFocusVisible &:focus:after {
              border: none;
              bottom: -2px;
              left: -2px;
              outline-color: ButtonText;
              right: -2px;
              top: -2px;
            }
            &:active > * {
              left: 0px;
              position: relative;
              top: 0px;
            }
            &:hover {
              color: #212121;
            }
            @media screen and (-ms-high-contrast: active){&:hover {
              border-color: Highlight;
              color: Highlight;
            }
            &:active {
              color: #0078d4;
            }
        data-is-focusable={true}
        onClick={[Function]}
        onKeyDown={[Function]}
        onKeyPress={[Function]}
        onKeyUp={[Function]}
        onMouseDown={[Function]}
        onMouseUp={[Function]}
        type="button"
      >
        <div
          className=
              ms-Button-flexContainer
              {
                align-items: center;
                display: flex;
                flex-wrap: nowrap;
                height: 100%;
                justify-content: center;
              }
        >
          <i
            aria-hidden={true}
            className=
                ms-Button-menuIcon
                {
                  -moz-osx-font-smoothing: grayscale;
                  -webkit-font-smoothing: antialiased;
                  display: inline-block;
                  flex-shrink: 0;
                  font-family: "FabricMDL2Icons-1";
                  font-size: 12px;
                  font-style: normal;
                  font-weight: normal;
                  height: 16px;
                  line-height: 16px;
                  margin-bottom: 0;
                  margin-left: 4px;
                  margin-right: 4px;
                  margin-top: 0;
                  speak: none;
                  text-align: center;
                  vertical-align: middle;
                }
            data-icon-name="Like"
            role="presentation"
          >
            
          </i>
        </div>
      </button>
    </div>
    <div>
      <button
        className=
            ms-Button
            ms-Button--icon
            {
              -moz-osx-font-smoothing: grayscale;
              -webkit-font-smoothing: antialiased;
              background-color: transparent;
              border-radius: 0px;
              border: none;
              box-sizing: border-box;
              color: #333333;
              cursor: pointer;
              display: inline-block;
              font-family: 'Segoe UI', 'Segoe UI Web (West European)', 'Segoe UI', -apple-system, BlinkMacSystemFont, 'Roboto', 'Helvetica Neue', sans-serif;
              font-size: 14px;
              font-weight: 400;
              height: 32px;
              margin-bottom: 0px;
              margin-left: 0px;
              margin-right: 0px;
              margin-top: 0px;
              outline: transparent;
              padding-bottom: 0;
              padding-left: 4px;
              padding-right: 4px;
              padding-top: 0;
              position: relative;
              text-align: center;
              text-decoration: none;
              user-select: none;
              vertical-align: top;
              width: 32px;
            }
            &::-moz-focus-inner {
              border: 0;
            }
            .ms-Fabric--isFocusVisible &:focus:after {
              border: 1px solid #ffffff;
              bottom: 0px;
              content: "";
              left: 0px;
              outline: 1px solid #666666;
              position: absolute;
              right: 0px;
              top: 0px;
              z-index: 1;
            }
            @media screen and (-ms-high-contrast: active){.ms-Fabric--isFocusVisible &:focus:after {
              border: none;
              bottom: -2px;
              left: -2px;
              outline-color: ButtonText;
              right: -2px;
              top: -2px;
            }
            &:active > * {
              left: 0px;
              position: relative;
              top: 0px;
            }
            &:hover {
              color: #212121;
            }
            @media screen and (-ms-high-contrast: active){&:hover {
              border-color: Highlight;
              color: Highlight;
            }
            &:active {
              color: #0078d4;
            }
        data-is-focusable={true}
        onClick={[Function]}
        onKeyDown={[Function]}
        onKeyPress={[Function]}
        onKeyUp={[Function]}
        onMouseDown={[Function]}
        onMouseUp={[Function]}
        type="button"
      >
        <div
          className=
              ms-Button-flexContainer
              {
                align-items: center;
                display: flex;
                flex-wrap: nowrap;
                height: 100%;
                justify-content: center;
              }
        >
          <i
            aria-hidden={true}
            className=
                ms-Button-menuIcon
                {
                  -moz-osx-font-smoothing: grayscale;
                  -webkit-font-smoothing: antialiased;
                  display: inline-block;
                  flex-shrink: 0;
                  font-family: "FabricMDL2Icons-1";
                  font-size: 12px;
                  font-style: normal;
                  font-weight: normal;
                  height: 16px;
                  line-height: 16px;
                  margin-bottom: 0;
                  margin-left: 4px;
                  margin-right: 4px;
                  margin-top: 0;
                  speak: none;
                  text-align: center;
                  vertical-align: middle;
                }
            data-icon-name="Dislike"
            role="presentation"
          >
            
          </i>
        </div>
      </button>
    </div>
  </div>
</div>
`;

exports[`MicroFeedback renders correctly with no props 1`] = `
<div
  className=
      ms-Stack
      {
        box-sizing: border-box;
        display: flex;
        flex-direction: column;
        flex-wrap: nowrap;
        height: auto;
        margin-bottom: 4px;
        margin-left: 8px;
        margin-right: 8px;
        margin-top: 4px;
        width: auto;
      }
      & > * {
        text-overflow: ellipsis;
      }
      & > *:not(:first-child) {
        margin-top: 0px;
      }
      & > *:not(.ms-StackItem) {
        flex-shrink: 1;
      }
>
  <div
    className=
        ms-Stack
        {
          box-sizing: border-box;
          display: flex;
          flex-direction: row;
          flex-wrap: nowrap;
          float: right;
          height: auto;
          width: auto;
        }
        & > * {
          text-overflow: ellipsis;
        }
        & > *:not(:first-child) {
          margin-left: 0px;
        }
        & > *:not(.ms-StackItem) {
          flex-shrink: 1;
        }
  >
    <div>
      <button
        className=
            ms-Button
            ms-Button--icon
            {
              -moz-osx-font-smoothing: grayscale;
              -webkit-font-smoothing: antialiased;
              background-color: transparent;
              border-radius: 0px;
              border: none;
              box-sizing: border-box;
              color: #333333;
              cursor: pointer;
              display: inline-block;
              font-family: 'Segoe UI', 'Segoe UI Web (West European)', 'Segoe UI', -apple-system, BlinkMacSystemFont, 'Roboto', 'Helvetica Neue', sans-serif;
              font-size: 14px;
              font-weight: 400;
              height: 32px;
              margin-bottom: 0px;
              margin-left: 0px;
              margin-right: 0px;
              margin-top: 0px;
              outline: transparent;
              padding-bottom: 0;
              padding-left: 4px;
              padding-right: 4px;
              padding-top: 0;
              position: relative;
              text-align: center;
              text-decoration: none;
              user-select: none;
              vertical-align: top;
              width: 32px;
            }
            &::-moz-focus-inner {
              border: 0;
            }
            .ms-Fabric--isFocusVisible &:focus:after {
              border: 1px solid #ffffff;
              bottom: 0px;
              content: "";
              left: 0px;
              outline: 1px solid #666666;
              position: absolute;
              right: 0px;
              top: 0px;
              z-index: 1;
            }
            @media screen and (-ms-high-contrast: active){.ms-Fabric--isFocusVisible &:focus:after {
              border: none;
              bottom: -2px;
              left: -2px;
              outline-color: ButtonText;
              right: -2px;
              top: -2px;
            }
            &:active > * {
              left: 0px;
              position: relative;
              top: 0px;
            }
            &:hover {
              color: #212121;
            }
            @media screen and (-ms-high-contrast: active){&:hover {
              border-color: Highlight;
              color: Highlight;
            }
            &:active {
              color: #0078d4;
            }
        data-is-focusable={true}
        onClick={[Function]}
        onKeyDown={[Function]}
        onKeyPress={[Function]}
        onKeyUp={[Function]}
        onMouseDown={[Function]}
        onMouseUp={[Function]}
        type="button"
      >
        <div
          className=
              ms-Button-flexContainer
              {
                align-items: center;
                display: flex;
                flex-wrap: nowrap;
                height: 100%;
                justify-content: center;
              }
        >
          <i
            aria-hidden={true}
            className=
                ms-Button-menuIcon
                {
                  -moz-osx-font-smoothing: grayscale;
                  -webkit-font-smoothing: antialiased;
                  display: inline-block;
                  flex-shrink: 0;
                  font-family: "FabricMDL2Icons-1";
                  font-size: 12px;
                  font-style: normal;
                  font-weight: normal;
                  height: 16px;
                  line-height: 16px;
                  margin-bottom: 0;
                  margin-left: 4px;
                  margin-right: 4px;
                  margin-top: 0;
                  speak: none;
                  text-align: center;
                  vertical-align: middle;
                }
            data-icon-name="Like"
            role="presentation"
          >
            
          </i>
        </div>
      </button>
    </div>
    <div>
      <button
        className=
            ms-Button
            ms-Button--icon
            {
              -moz-osx-font-smoothing: grayscale;
              -webkit-font-smoothing: antialiased;
              background-color: transparent;
              border-radius: 0px;
              border: none;
              box-sizing: border-box;
              color: #333333;
              cursor: pointer;
              display: inline-block;
              font-family: 'Segoe UI', 'Segoe UI Web (West European)', 'Segoe UI', -apple-system, BlinkMacSystemFont, 'Roboto', 'Helvetica Neue', sans-serif;
              font-size: 14px;
              font-weight: 400;
              height: 32px;
              margin-bottom: 0px;
              margin-left: 0px;
              margin-right: 0px;
              margin-top: 0px;
              outline: transparent;
              padding-bottom: 0;
              padding-left: 4px;
              padding-right: 4px;
              padding-top: 0;
              position: relative;
              text-align: center;
              text-decoration: none;
              user-select: none;
              vertical-align: top;
              width: 32px;
            }
            &::-moz-focus-inner {
              border: 0;
            }
            .ms-Fabric--isFocusVisible &:focus:after {
              border: 1px solid #ffffff;
              bottom: 0px;
              content: "";
              left: 0px;
              outline: 1px solid #666666;
              position: absolute;
              right: 0px;
              top: 0px;
              z-index: 1;
            }
            @media screen and (-ms-high-contrast: active){.ms-Fabric--isFocusVisible &:focus:after {
              border: none;
              bottom: -2px;
              left: -2px;
              outline-color: ButtonText;
              right: -2px;
              top: -2px;
            }
            &:active > * {
              left: 0px;
              position: relative;
              top: 0px;
            }
            &:hover {
              color: #212121;
            }
            @media screen and (-ms-high-contrast: active){&:hover {
              border-color: Highlight;
              color: Highlight;
            }
            &:active {
              color: #0078d4;
            }
        data-is-focusable={true}
        onClick={[Function]}
        onKeyDown={[Function]}
        onKeyPress={[Function]}
        onKeyUp={[Function]}
        onMouseDown={[Function]}
        onMouseUp={[Function]}
        type="button"
      >
        <div
          className=
              ms-Button-flexContainer
              {
                align-items: center;
                display: flex;
                flex-wrap: nowrap;
                height: 100%;
                justify-content: center;
              }
        >
          <i
            aria-hidden={true}
            className=
                ms-Button-menuIcon
                {
                  -moz-osx-font-smoothing: grayscale;
                  -webkit-font-smoothing: antialiased;
                  display: inline-block;
                  flex-shrink: 0;
                  font-family: "FabricMDL2Icons-1";
                  font-size: 12px;
                  font-style: normal;
                  font-weight: normal;
                  height: 16px;
                  line-height: 16px;
                  margin-bottom: 0;
                  margin-left: 4px;
                  margin-right: 4px;
                  margin-top: 0;
                  speak: none;
                  text-align: center;
                  vertical-align: middle;
                }
            data-icon-name="Dislike"
            role="presentation"
          >
            
          </i>
        </div>
      </button>
    </div>
  </div>
</div>
`;
